// Jest Snapshot v1, https://goo.gl/fbAQLP

exports[`View post should render correctly 1`] = `
<div
  className="view-post mt-5"
>
  <div
    className="container"
  >
    <div
      className="card"
    >
      <div
        className="card-header d-flex flex-row"
      >
        <div
          className="p-2"
        >
          <img
            alt="Avatar"
            className="user-icon"
            src="img_avatar.png"
          />
        </div>
        <div
          className="p-2"
        >
          <h5 />
        </div>
        <div
          className="edit-post"
          onBlur={[Function]}
          tabIndex="0"
        >
          <div
            className="toggle "
            onClick={[Function]}
          >
            <span>
              <i
                className="fa fa-ellipsis-h"
              />
            </span>
          </div>
          <div
            className="menu collapsed"
          >
            <ul
              className="mt-3"
            >
              <li
                key="0"
                onClick={[Function]}
              >
                <span>
                  <i
                    className="fa fa-edit edit-icon"
                  />
                </span>
                <span
                  className="label ml-2"
                >
                  Edit
                </span>
              </li>
            </ul>
          </div>
        </div>
      </div>
      <div
        className="card-body"
      >
        <embed
          alt="preview"
          className="preview-file mt-4"
          src=""
          type="application/pdf"
        />
      </div>
      <div
        className="card-footer"
      >
        <div
          className="d-flex flex-row"
        >
          <div
            className="p-2"
          >
            <i
              aria-hidden="true"
              className="fa fa-thumbs-up"
            >
              <span
                className="ml-2"
              >
                Like
              </span>
            </i>
          </div>
          <div
            className="p-2 ml-3 comments"
            onClick={[Function]}
          >
            <i
              aria-hidden="true"
              className="fa fa-comments"
            >
              <span
                className="ml-2"
              >
                Comment
              </span>
            </i>
          </div>
          <div
            className="p-2 ml-3"
          >
            <i
              aria-hidden="true"
              className="fa fa-share"
            >
              <span
                className="ml-2"
              >
                Share
              </span>
            </i>
          </div>
          <div
            className="p-2 ml-3"
          >
            <i
              aria-hidden="true"
              className="fa fa-paper-plane"
            >
              <span
                className="ml-2"
              >
                Send
              </span>
            </i>
          </div>
        </div>
      </div>
    </div>
  </div>
</div>
`;
